// Jest Snapshot v1, https://goo.gl/fbAQLP

exports[`should render ExpenseListItem with single expense 1`] = `
<Link
  className="list-item"
  replace={false}
  to="/edit/adfasfda"
>
  <div>
    <h3
      className="list-item__title"
    >
      a
    </h3>
    <span
      className="list-item__sub-title"
    >
      December 31st 1969
    </span>
  </div>
  <h3
    className="list-item__data"
  >
    $50.00
  </h3>
</Link>
`;
